Microchip MPLAB XC8 Compiler V2.41

Linker command line:

-W-3 \
  --edf=C:/Program Files/Microchip/MPLABX/v6.10/packs/Microchip/PIC16Fxxx_DFP/1.4.149/xc8\pic\dat\20230322214319_en.msgs \
  -cn -h+dist/default/production\HiK_Control_Project-V3.X.production.sym \
  --cmf=dist/default/production\HiK_Control_Project-V3.X.production.cmf -z \
  -Q16F877A -oC:\Users\ibrah\AppData\Local\Temp\xcAske0.\driver_tmp_3.o \
  --defsym=__MPLAB_BUILD=1 --fixupoverflow=error \
  -Mdist/default/production/HiK_Control_Project-V3.X.production.map \
  --md=C:\Users\ibrah\AppData\Local\Temp\xcAske0.\driver_tmp_0.dat -E1 \
  -ver=XC8 Compiler --acfsm=1493 -ACODE=00h-07FFhx4 -ASTRCODE=00h-01FFFh \
  -ASTRING=00h-0FFhx32 -ACONST=00h-0FFhx32 -AENTRY=00h-0FFhx32 \
  -ACOMMON=070h-07Fh -ABANK0=020h-06Fh -ABANK1=0A0h-0EFh \
  -ABANK2=0110h-016Fh -ABANK3=0190h-01EFh \
  -ARAM=020h-06Fh,0A0h-0EFh,0110h-016Fh,0190h-01EFh \
  -AABS1=020h-07Fh,0A0h-0EFh,0110h-016Fh,0190h-01EFh -ASFR0=00h-01Fh \
  -ASFR1=080h-09Fh -ASFR2=0100h-010Fh -ASFR3=0180h-018Fh \
  -ACONFIG=02007h-02007h -DCONFIG=2 -AIDLOC=02000h-02003h -DIDLOC=2 \
  -AEEDATA=00h-0FFh/02100h -peeprom_data=EEDATA -DEEDATA=2 -DCODE=2 \
  -DSTRCODE=2 -DSTRING=2 -DCONST=2 -DENTRY=2 \
  -preset_vec=00h,intentry=04h,init,end_init -ppowerup=CODE -pcinit=CODE \
  -pfunctab=ENTRY -k \
  C:\Users\ibrah\AppData\Local\Temp\xcAske0.\driver_tmp_17.o \
  dist/default/production\HiK_Control_Project-V3.X.production.o 

Object code version is 3.11

Machine type is 16F877A



                Name                               Link     Load   Length Selector   Space Scale
C:\Users\ibrah\AppData\Local\Temp\xcAske0.\driver_tmp_17.o
                end_init                              E        E        3        8       0
                reset_vec                             0        0        3        0       0
                config                             2007     2007        1        0       4
dist/default/production\HiK_Control_Project-V3.X.production.o
                cinit                                11       11       21        8       0
                intentry                              4        4        A        8       0
                maintext_split_2                    B76      B76      48A     16EC       0
                maintext_split_1                     32       32      493        8       0
                config                             2007     2007        1        0       4
                text29                             1334     1334       67     2668       0
                text28                             1001     1001       11     2002       0
                text27                             1FEA     1FEA       16     3FD4       0
                text26                              6BC      6BC       D6        8       0
                text25                             104A     104A       20     2094       0
                text24                             1012     1012       1C     2024       0
                text23                             12D1     12D1       63     25A2       0
                text22                             1FB1     1FB1       10     3F62       0
                text21                             1FA3     1FA3        E     3F46       0
                text20                             1106     1106       46     220C       0
                text19                              792      792       69        8       0
                text18                             1276     1276       5B     24EC       0
                text17                             1631     1631      1CF     2C62       0
                text16                              808      808       29     1010       0
                text15                              831      831      345     1062       0
                text14                             139B     139B       78     2736       0
                text13                             1413     1413       BA     2826       0
                text12                             1FD5     1FD5       15     3FAA       0
                text11                             114C     114C       46     2298       0
                text10                             10CA     10CA       3C     2194       0
                text9                              106A     106A       27     20D4       0
                text8                              1FC1     1FC1       14     3F82       0
                text7                               4C5      4C5      1F7        8       0
                text6                              102E     102E       1C     205C       0
                text5                              1F96     1F96        D     3F2C       0
                text4                              11D8     11D8       4C     23B0       0
                text3                              1091     1091       39     2122       0
                text2                              1192     1192       46     2324       0
                text1                              1224     1224       52     2448       0
                maintext                           14CD     14CD      164     299A       0
                cstackBANK0                          20       20       4E       20       1
                cstackCOMMON                         70       70        9       70       1
                cstackBANK1                          A0       A0       50       A0       1
                cstackBANK3                         190      190       1A      190       1
                bssBANK3                            1AA      1AA        9      190       1
                bssBANK0                             6E       6E        2       20       1
                dataCOMMON                           7B       7B        2       70       1
                bssCOMMON                            79       79        2       70       1
                stringtext                         1800     1800      187       30       0
                idataCOMMON                         7FB      7FB        2        8       0

TOTAL           Name                               Link     Load   Length     Space
        CLASS   CODE           
                end_init                              E        E        3         0
                cinit                                11       11       21         0
                intentry                              4        4        A         0
                reset_vec                             0        0        3         0
                maintext_split_2                    B76      B76      48A         0
                maintext_split_1                     32       32      493         0
                text29                             1334     1334       67         0
                text28                             1001     1001       11         0
                text27                             1FEA     1FEA       16         0
                text26                              6BC      6BC       D6         0
                text25                             104A     104A       20         0
                text24                             1012     1012       1C         0
                text23                             12D1     12D1       63         0
                text22                             1FB1     1FB1       10         0
                text21                             1FA3     1FA3        E         0
                text20                             1106     1106       46         0
                text19                              792      792       69         0
                text18                             1276     1276       5B         0
                text17                             1631     1631      1CF         0
                text16                              808      808       29         0
                text15                              831      831      345         0
                text14                             139B     139B       78         0
                text13                             1413     1413       BA         0
                text12                             1FD5     1FD5       15         0
                text11                             114C     114C       46         0
                text10                             10CA     10CA       3C         0
                text9                              106A     106A       27         0
                text8                              1FC1     1FC1       14         0
                text7                               4C5      4C5      1F7         0
                text6                              102E     102E       1C         0
                text5                              1F96     1F96        D         0
                text4                              11D8     11D8       4C         0
                text3                              1091     1091       39         0
                text2                              1192     1192       46         0
                text1                              1224     1224       52         0
                maintext                           14CD     14CD      164         0
                idataCOMMON                         7FB      7FB        2         0

        CLASS   STRCODE        
                stringtext                         1800     1800      187         0

        CLASS   STRING         

        CLASS   CONST          

        CLASS   ENTRY          

        CLASS   COMMON         
                cstackCOMMON                         70       70        9         1
                dataCOMMON                           7B       7B        2         1
                bssCOMMON                            79       79        2         1

        CLASS   BANK0          
                cstackBANK0                          20       20       4E         1
                bssBANK0                             6E       6E        2         1

        CLASS   BANK1          
                cstackBANK1                          A0       A0       50         1

        CLASS   BANK2          

        CLASS   BANK3          
                cstackBANK3                         190      190       1A         1
                bssBANK3                            1AA      1AA        9         1

        CLASS   RAM            

        CLASS   ABS1           
                abs_s1                               7E       7E        2         1

        CLASS   SFR0           

        CLASS   SFR1           

        CLASS   SFR2           

        CLASS   SFR3           

        CLASS   CONFIG         
                config                             2007     2007        1         4

        CLASS   IDLOC          

        CLASS   EEDATA         

        CLASS   STACK          



SEGMENTS        Name                           Load    Length   Top    Selector   Space  Class     Delta

                reset_vec                      000000  000003  000003         0       0  CODE        2
                intentry                       000004  0007F9  0007FD         8       0  CODE        2
                cstackBANK0                    000020  000050  000070        20       1  BANK0       1
                cstackCOMMON                   000070  00000D  00007D        70       1  COMMON      1
                cstackBANK1                    0000A0  000050  0000F0        A0       1  BANK1       1
                cstackBANK3                    000190  000023  0001B3       190       1  BANK3       1
                text16                         000808  000029  000831      1010       0  CODE        2
                text15                         000831  000345  000B76      1062       0  CODE        2
                maintext_split_2               000B76  00048A  001000      16EC       0  CODE        2
                text28                         001001  000011  001012      2002       0  CODE        2
                text24                         001012  00001C  00102E      2024       0  CODE        2
                text6                          00102E  00001C  00104A      205C       0  CODE        2
                text25                         00104A  000020  00106A      2094       0  CODE        2
                text9                          00106A  000027  001091      20D4       0  CODE        2
                text3                          001091  000039  0010CA      2122       0  CODE        2
                text10                         0010CA  00003C  001106      2194       0  CODE        2
                text20                         001106  000046  00114C      220C       0  CODE        2
                text11                         00114C  000046  001192      2298       0  CODE        2
                text2                          001192  000046  0011D8      2324       0  CODE        2
                text4                          0011D8  00004C  001224      23B0       0  CODE        2
                text1                          001224  000052  001276      2448       0  CODE        2
                text18                         001276  00005B  0012D1      24EC       0  CODE        2
                text23                         0012D1  000063  001334      25A2       0  CODE        2
                text29                         001334  000067  00139B      2668       0  CODE        2
                text14                         00139B  000078  001413      2736       0  CODE        2
                text13                         001413  0000BA  0014CD      2826       0  CODE        2
                maintext                       0014CD  000164  001631      299A       0  CODE        2
                text17                         001631  0001CF  001800      2C62       0  CODE        2
                stringtext                     001800  000187  001987        30       0  STRCODE     2
                text5                          001F96  00000D  001FA3      3F2C       0  CODE        2
                text21                         001FA3  00000E  001FB1      3F46       0  CODE        2
                text22                         001FB1  000010  001FC1      3F62       0  CODE        2
                text8                          001FC1  000014  001FD5      3F82       0  CODE        2
                text12                         001FD5  000015  001FEA      3FAA       0  CODE        2
                text27                         001FEA  000016  002000      3FD4       0  CODE        2


UNUSED ADDRESS RANGES

        Name                Unused          Largest block    Delta
        BANK2            000110-00016F               60           1
        BANK3            0001B3-0001EF               3D           1
        CODE             000003-000003                1           2
                         0007FD-000807                3
                         001000-001000                1
                         001987-001F95              60F
        COMMON           00007D-00007D                1           1
        CONST            000003-000003                1           2
                         0007FD-000807                3
                         001000-001000                1
                         001987-001F95              100
        EEDATA           002100-0021FF              100           2
        ENTRY            000003-000003                1           2
                         0007FD-000807                3
                         001000-001000                1
                         001987-001F95              100
        IDLOC            002000-002003                4           2
        RAM              000110-00016F               60           1
                         0001B3-0001EF               3D
        SFR0             000000-00001F               20           1
        SFR1             000080-00009F               20           1
        SFR2             000100-00010F               10           1
        SFR3             000180-00018F               10           1
        STRCODE          000003-000003                1           2
                         0007FD-000807                B
                         001000-001000                1
                         001987-001F95              60F
        STRING           000003-000003                1           2
                         0007FD-000807                3
                         001000-001000                1
                         001987-001F95              100

                                  Symbol Table

?__Umul8_16               cstackBANK0      000020
?___awdiv                 cstackBANK0      00002A
?___awmod                 cstackBANK0      00002A
?___fldiv                 cstackBANK0      000020
?___flmul                 cstackBANK0      00003A
?___fltol                 cstackBANK0      000020
?___lwdiv                 cstackBANK0      000020
?___lwmod                 cstackBANK0      000027
?___wmul                  cstackBANK0      000020
?___xxtofl                cstackBANK0      000020
?_readEEPROM              cstackBANK0      000026
?_sprintf                 cstackBANK0      00002C
?i1_readEEPROM            cstackCOMMON     000070
Lcd_Cmd@a                 cstackBANK0      000023
Lcd_Port@a                cstackBANK0      000020
Lcd_Set_Cursor@a          cstackBANK0      000026
Lcd_Set_Cursor@b          cstackBANK0      000024
Lcd_Set_Cursor@temp       cstackBANK0      000029
Lcd_Set_Cursor@y          cstackBANK0      000028
Lcd_Set_Cursor@z          cstackBANK0      000027
Lcd_Write_Char@a          cstackBANK0      000024
Lcd_Write_Char@temp       cstackBANK0      000022
Lcd_Write_Char@y          cstackBANK0      000023
Lcd_Write_String@a        cstackBANK0      000025
Lcd_Write_String@i        cstackBANK0      00002A
UART_Write@data           cstackBANK0      000020
UART_Write_Text@i         cstackBANK0      000026
UART_Write_Text@text      cstackBANK0      000021
_ADCON0bits               (abs)            00001F
_ADCON1bits               (abs)            00009F
_ADRESH                   (abs)            00001E
_ADRESL                   (abs)            00009E
_EEADR                    (abs)            00010D
_EECON2                   (abs)            00018D
_EEDATA                   (abs)            00010C
_GIE                      (abs)            00005F
_INTCONbits               (abs)            00000B
_Lcd_Clear                text5            001F96
_Lcd_Cmd                  text24           001012
_Lcd_Init                 text23           0012D1
_Lcd_Port                 text25           00104A
_Lcd_Set_Cursor           text4            0011D8
_Lcd_Write_Char           text3            001091
_Lcd_Write_String         text2            001192
_OPTION_REGbits           (abs)            000081
_RA4                      (abs)            00002C
_RB0                      (abs)            000030
_RB1                      (abs)            000031
_RB2                      (abs)            000032
_RB3                      (abs)            000033
_RB4                      (abs)            000034
_RB5                      (abs)            000035
_RC0                      (abs)            000038
_RC1                      (abs)            000039
_RC2                      (abs)            00003A
_RC3                      (abs)            00003B
_RCSTA                    (abs)            000018
_RD                       (abs)            000C60
_RD0                      (abs)            000040
_RE0                      (abs)            000048
_RE1                      (abs)            000049
_RE2                      (abs)            00004A
_SPBRG                    (abs)            000099
_T0IF                     (abs)            00005A
_TMR0                     (abs)            000001
_TRISA0                   (abs)            000428
_TRISA1                   (abs)            000429
_TRISA2                   (abs)            00042A
_TRISA3                   (abs)            00042B
_TRISA4                   (abs)            00042C
_TRISA5                   (abs)            00042D
_TRISB                    (abs)            000086
_TRISC0                   (abs)            000438
_TRISC1                   (abs)            000439
_TRISC2                   (abs)            00043A
_TRISC3                   (abs)            00043B
_TRISC4                   (abs)            00043C
_TRISC5                   (abs)            00043D
_TRISC6                   (abs)            00043E
_TRISC7                   (abs)            00043F
_TRISD                    (abs)            000088
_TRISD0                   (abs)            000440
_TRISE0                   (abs)            000448
_TRISE1                   (abs)            000449
_TRISE2                   (abs)            00044A
_TRMT                     (abs)            0004C1
_TXREG                    (abs)            000019
_TXSTA                    (abs)            000098
_UART_Initialize          text22           001FB1
_UART_Write               text21           001FA3
_UART_Write_Text          text20           001106
_WR                       (abs)            000C61
_WREN                     (abs)            000C62
__H__absolute__           __absolute__     000000
__Habs1                   abs1             000000
__Hbank0                  bank0            000000
__Hbank1                  bank1            000000
__Hbank2                  bank2            000000
__Hbank3                  bank3            000000
__HbssBANK0               bssBANK0         000000
__HbssBANK3               bssBANK3         000000
__HbssCOMMON              bssCOMMON        000000
__Hcinit                  cinit            000032
__Hclrtext                clrtext          000000
__Hcode                   code             000000
__Hcommon                 common           000000
__Hconfig                 config           002008
__HcstackBANK0            cstackBANK0      000000
__HcstackBANK1            cstackBANK1      000000
__HcstackBANK3            cstackBANK3      000000
__HcstackCOMMON           cstackCOMMON     000000
__HdataCOMMON             dataCOMMON       000000
__Heeprom_data            eeprom_data      000000
__Hend_init               end_init         000011
__Hfunctab                functab          000000
__HidataCOMMON            idataCOMMON      000000
__Hinit                   init             00000E
__Hintentry               intentry         00000E
__Hmaintext               maintext         000000
__Hmaintext_split_1       maintext_split_1 000000
__Hmaintext_split_2       maintext_split_2 000000
__Hpowerup                powerup          000000
__Hram                    ram              000000
__Hreset_vec              reset_vec        000003
__Hsfr0                   sfr0             000000
__Hsfr1                   sfr1             000000
__Hsfr2                   sfr2             000000
__Hsfr3                   sfr3             000000
__Hspace_0                (abs)            002000
__Hspace_1                (abs)            0001B3
__Hspace_2                (abs)            000000
__Hspace_3                (abs)            000000
__Hspace_4                (abs)            00400F
__Hstack                  stack            000000
__Hstrings                strings          000000
__Hstringtext             stringtext       000000
__Htext                   text             000000
__L__absolute__           __absolute__     000000
__Labs1                   abs1             000000
__Lbank0                  bank0            000000
__Lbank1                  bank1            000000
__Lbank2                  bank2            000000
__Lbank3                  bank3            000000
__LbssBANK0               bssBANK0         000000
__LbssBANK3               bssBANK3         000000
__LbssCOMMON              bssCOMMON        000000
__Lcinit                  cinit            000011
__Lclrtext                clrtext          000000
__Lcode                   code             000000
__Lcommon                 common           000000
__Lconfig                 config           000000
__LcstackBANK0            cstackBANK0      000000
__LcstackBANK1            cstackBANK1      000000
__LcstackBANK3            cstackBANK3      000000
__LcstackCOMMON           cstackCOMMON     000000
__LdataCOMMON             dataCOMMON       000000
__Leeprom_data            eeprom_data      000000
__Lend_init               end_init         00000E
__Lfunctab                functab          000000
__LidataCOMMON            idataCOMMON      000000
__Linit                   init             00000E
__Lintentry               intentry         000004
__Lmaintext               maintext         000000
__Lmaintext_split_1       maintext_split_1 000000
__Lmaintext_split_2       maintext_split_2 000000
__Lpowerup                powerup          000000
__Lram                    ram              000000
__Lreset_vec              reset_vec        000000
__Lsfr0                   sfr0             000000
__Lsfr1                   sfr1             000000
__Lsfr2                   sfr2             000000
__Lsfr3                   sfr3             000000
__Lspace_0                (abs)            000000
__Lspace_1                (abs)            000000
__Lspace_2                (abs)            000000
__Lspace_3                (abs)            000000
__Lspace_4                (abs)            000000
__Lstack                  stack            000000
__Lstrings                strings          000000
__Lstringtext             stringtext       000000
__Ltext                   text             000000
__S0                      (abs)            002000
__S1                      (abs)            0001B3
__S3                      (abs)            000000
__Umul8_16                text16           000808
__Umul8_16@multiplicand   cstackBANK0      000020
__Umul8_16@multiplier     cstackBANK0      000028
__Umul8_16@product        cstackBANK0      000024
__Umul8_16@word_mpld      cstackBANK0      000026
___awdiv                  text19           000792
___awdiv@counter          cstackBANK0      00002E
___awdiv@dividend         cstackBANK0      00002C
___awdiv@divisor          cstackBANK0      00002A
___awdiv@quotient         cstackBANK0      000030
___awdiv@sign             cstackBANK0      00002F
___awmod                  text18           001276
___awmod@counter          cstackBANK0      00002E
___awmod@dividend         cstackBANK0      00002C
___awmod@divisor          cstackBANK0      00002A
___awmod@sign             cstackBANK0      00002F
___fldiv                  text17           001631
___fldiv@a                cstackBANK0      000020
___fldiv@aexp             cstackBANK0      000039
___fldiv@b                cstackBANK0      000024
___fldiv@bexp             cstackBANK0      000038
___fldiv@grs              cstackBANK0      000034
___fldiv@new_exp          cstackBANK0      000032
___fldiv@rem              cstackBANK0      00002D
___fldiv@sign             cstackBANK0      000031
___flmul                  text15           000831
___flmul@a                cstackBANK0      00003E
___flmul@aexp             cstackBANK0      00004C
___flmul@b                cstackBANK0      00003A
___flmul@bexp             cstackBANK0      00004D
___flmul@grs              cstackBANK0      000048
___flmul@prod             cstackBANK0      00004E
___flmul@sign             cstackBANK0      000047
___flmul@temp             cstackBANK0      000052
___fltol                  text14           00139B
___fltol@exp1             cstackBANK0      000029
___fltol@f1               cstackBANK0      000020
___fltol@sign1            cstackBANK0      000028
___int_sp                 stack            000000
___latbits                (abs)            000002
___lwdiv                  text11           00114C
___lwdiv@counter          cstackBANK0      000026
___lwdiv@dividend         cstackBANK0      000022
___lwdiv@divisor          cstackBANK0      000020
___lwdiv@quotient         cstackBANK0      000024
___lwmod                  text10           0010CA
___lwmod@counter          cstackBANK0      00002B
___lwmod@dividend         cstackBANK0      000029
___lwmod@divisor          cstackBANK0      000027
___sp                     stack            000000
___stackhi                (abs)            000000
___stacklo                (abs)            000000
___wmul                   text9            00106A
___wmul@multiplicand      cstackBANK0      000022
___wmul@multiplier        cstackBANK0      000020
___wmul@product           cstackBANK0      000024
___xxtofl                 text13           001413
___xxtofl@arg             cstackBANK0      00002A
___xxtofl@exp             cstackBANK0      000029
___xxtofl@sign            cstackBANK0      000028
___xxtofl@val             cstackBANK0      000020
__end_of_Lcd_Clear        text5            001FA3
__end_of_Lcd_Cmd          text24           00102E
__end_of_Lcd_Init         text23           001334
__end_of_Lcd_Port         text25           00106A
__end_of_Lcd_Set_Cursor   text4            001224
__end_of_Lcd_Write_Char   text3            0010CA
__end_of_Lcd_Write_String text2            0011D8
__end_of_UART_Initialize  text22           001FC1
__end_of_UART_Write       text21           001FB1
__end_of_UART_Write_Text  text20           00114C
__end_of__Umul8_16        text16           000831
__end_of___awdiv          text19           0007FB
__end_of___awmod          text18           0012D1
__end_of___fldiv          text17           001800
__end_of___flmul          text15           000B76
__end_of___fltol          text14           001413
__end_of___lwdiv          text11           001192
__end_of___lwmod          text10           001106
__end_of___wmul           text9            001091
__end_of___xxtofl         text13           0014CD
__end_of__initialization  cinit            00002E
__end_of__stringtab       stringtext       001812
__end_of_dpowers          stringtext       00181C
__end_of_incrementTime    text29           00139B
__end_of_isdigit          text8            001FD5
__end_of_main             maintext_split_2 001000
__end_of_readEEPROM       text12           001FEA
__end_of_sprintf          text7            0006BC
__end_of_timer_isr        text26           000792
__end_of_writeEEPROM      text6            00104A
__end_of_yagBakim         text1            001276
__end_ofi1_readEEPROM     text28           001012
__end_ofi1_writeEEPROM    text27           002000
__initialization          cinit            000011
__pbssBANK0               bssBANK0         00006E
__pbssBANK3               bssBANK3         0001AA
__pbssCOMMON              bssCOMMON        000079
__pcstackBANK0            cstackBANK0      000020
__pcstackBANK1            cstackBANK1      0000A0
__pcstackBANK3            cstackBANK3      000190
__pcstackCOMMON           cstackCOMMON     000070
__pdataCOMMON             dataCOMMON       00007B
__pidataCOMMON            idataCOMMON      0007FB
__pintentry               intentry         000004
__pmaintext               maintext         0014CD
__pstringtext             stringtext       001800
__ptext1                  text1            001224
__ptext10                 text10           0010CA
__ptext11                 text11           00114C
__ptext12                 text12           001FD5
__ptext13                 text13           001413
__ptext14                 text14           00139B
__ptext15                 text15           000831
__ptext16                 text16           000808
__ptext17                 text17           001631
__ptext18                 text18           001276
__ptext19                 text19           000792
__ptext2                  text2            001192
__ptext20                 text20           001106
__ptext21                 text21           001FA3
__ptext22                 text22           001FB1
__ptext23                 text23           0012D1
__ptext24                 text24           001012
__ptext25                 text25           00104A
__ptext26                 text26           0006BC
__ptext27                 text27           001FEA
__ptext28                 text28           001001
__ptext29                 text29           001334
__ptext3                  text3            001091
__ptext4                  text4            0011D8
__ptext5                  text5            001F96
__ptext6                  text6            00102E
__ptext7                  text7            0004C5
__ptext8                  text8            001FC1
__ptext9                  text9            00106A
__stringbase              stringtext       001812
__stringtab               stringtext       001800
_currentTime              bssBANK3         0001AB
_dpowers                  stringtext       001812
_eepromWRclc              bssCOMMON        000079
_epromBaslaAdress         dataCOMMON       00007B
_incrementTime            text29           001334
_isdigit                  text8            001FC1
_isdigit$844              cstackBANK0      000020
_kesmeSayaci              bssBANK0         00006E
_limitler                 bssBANK3         0001AA
_main                     maintext         0014CD
_main$1035                cstackBANK3      000192
_main$1036                cstackBANK1      0000DE
_readEEPROM               text12           001FD5
_sprintf                  text7            0004C5
_timer_isr                text26           0006BC
_writeEEPROM              text6            00102E
_yagBakim                 text1            001224
btemp                     (abs)            00007E
end_of_initialization     cinit            00002E
i1_readEEPROM             text28           001001
i1_writeEEPROM            text27           001FEA
i1readEEPROM@address      cstackCOMMON     000070
i1writeEEPROM@address     cstackCOMMON     000070
i1writeEEPROM@data        cstackCOMMON     000072
incrementTime@time        cstackCOMMON     000072
interrupt_function        intentry         000004
intlevel0                 functab          000000
intlevel1                 functab          000000
intlevel2                 functab          000000
intlevel3                 functab          000000
intlevel4                 functab          000000
intlevel5                 functab          000000
isdigit@c                 cstackBANK0      000021
main@adcString1           cstackBANK1      0000EC
main@adcValue1            cstackBANK3      000196
main@adcValue2            cstackBANK1      0000E2
main@adcValue3            cstackBANK1      0000D2
main@binler               cstackBANK3      00019C
main@birler               cstackBANK1      0000EA
main@combinedText         cstackBANK0      00005A
main@combinedText_378     cstackBANK1      0000A0
main@dakika               cstackBANK1      0000E6
main@displayValue         cstackBANK3      0001A6
main@epromAdresi          cstackBANK3      0001A2
main@gostermeliklcd       cstackBANK1      0000DA
main@ilkAcilis            cstackBANK3      000194
main@integerPart          cstackBANK3      00019E
main@lcdText              cstackBANK1      0000B4
main@negativeDisplayValue cstackBANK3      000190
main@negativeFeedValue    cstackBANK3      0001A4
main@olmazlar             cstackBANK1      0000E4
main@onlar                cstackBANK1      0000E8
main@oranValue            cstackBANK1      0000D6
main@realSaat             cstackBANK3      0001A8
main@rpmString            cstackBANK1      0000CD
main@uartMessage          cstackBANK1      0000BD
main@uartMessage_374      cstackBANK1      0000C5
main@yuzler               cstackBANK3      00019A
pnum$maintext             (abs)            00000D
pnum$maintext_split_1     (abs)            00002D
pnum$maintext_split_2     (abs)            00002E
psplit$0                  (abs)            0D002D
psplit$1                  (abs)            2D002E
readEEPROM@address        cstackBANK0      000026
reset_vec                 reset_vec        000000
saved_w                   (abs)            00007E
sprintf@ap                cstackBANK0      00003B
sprintf@c                 cstackBANK0      000041
sprintf@f                 cstackBANK0      00002C
sprintf@flag              cstackBANK0      00003E
sprintf@prec              cstackBANK0      00003A
sprintf@sp                cstackBANK0      000042
sprintf@val               cstackBANK0      00003C
sprintf@width             cstackBANK0      00003F
start                     init             00000E
start_initialization      cinit            000011
writeEEPROM@address       cstackBANK0      000020
writeEEPROM@data          cstackBANK0      000022
wtemp0                    (abs)            00007E
yagBakim@i                cstackBANK0      00002C


MODULE INFORMATION

Module		Function		Class		Link	Load	Size
C:\Program Files\Microchip\xc8\v2.41\pic\sources\c90\common\sprcmul.c
		___flmul       		CODE           	0831	0000	837

C:\Program Files\Microchip\xc8\v2.41\pic\sources\c90\common\sprcmul.c estimated size: 837

C:\Program Files\Microchip\xc8\v2.41\pic\sources\c90\common\sprcdiv.c
		___fldiv       		CODE           	1631	0000	463

C:\Program Files\Microchip\xc8\v2.41\pic\sources\c90\common\sprcdiv.c estimated size: 463

main1.c
		_incrementTime 		CODE           	1334	0000	103
		_yagBakim      		CODE           	1224	0000	82
		_main          		CODE           	14CD	0000	2689
		_timer_isr     		CODE           	06BC	0000	214
		_readEEPROM    		CODE           	1FD5	0000	21
		_writeEEPROM   		CODE           	102E	0000	28

main1.c estimated size: 3137

uart_lib.c
		_UART_Write_Text		CODE           	1106	0000	70
		_UART_Initialize		CODE           	1FB1	0000	16
		_UART_Write    		CODE           	1FA3	0000	14

uart_lib.c estimated size: 100

C:\Program Files\Microchip\xc8\v2.41\pic\sources\c90\common\Umul16.c
		___wmul        		CODE           	106A	0000	39

C:\Program Files\Microchip\xc8\v2.41\pic\sources\c90\common\Umul16.c estimated size: 39

C:\Program Files\Microchip\xc8\v2.41\pic\sources\c90\common\lwdiv.c
		___lwdiv       		CODE           	114C	0000	70

C:\Program Files\Microchip\xc8\v2.41\pic\sources\c90\common\lwdiv.c estimated size: 70

C:\Program Files\Microchip\xc8\v2.41\pic\sources\c90\common\awdiv.c
		___awdiv       		CODE           	0792	0000	105

C:\Program Files\Microchip\xc8\v2.41\pic\sources\c90\common\awdiv.c estimated size: 105

C:\Program Files\Microchip\xc8\v2.41\pic\sources\c90\common\fltol.c
		___fltol       		CODE           	139B	0000	120

C:\Program Files\Microchip\xc8\v2.41\pic\sources\c90\common\fltol.c estimated size: 120

./lcd.h
		_Lcd_Write_String		CODE           	1192	0000	70
		_Lcd_Init      		CODE           	12D1	0000	99
		_Lcd_Write_Char		CODE           	1091	0000	57
		_Lcd_Cmd       		CODE           	1012	0000	28
		_Lcd_Set_Cursor		CODE           	11D8	0000	76
		_Lcd_Clear     		CODE           	1F96	0000	13
		_Lcd_Port      		CODE           	104A	0000	32

./lcd.h estimated size: 375

C:\Program Files\Microchip\xc8\v2.41\pic\sources\c90\common\isdigit.c
		_isdigit       		CODE           	1FC1	0000	20

C:\Program Files\Microchip\xc8\v2.41\pic\sources\c90\common\isdigit.c estimated size: 20

C:\Program Files\Microchip\xc8\v2.41\pic\sources\c90\common\xxtofl.c
		___xxtofl      		CODE           	1413	0000	186

C:\Program Files\Microchip\xc8\v2.41\pic\sources\c90\common\xxtofl.c estimated size: 186

shared
		__stringtab    		STRCODE        	1800	0000	18
		i1_writeEEPROM 		CODE           	1FEA	0000	22
		_dpowers       		STRCODE        	1812	0000	10
		__initialization		CODE           	0011	0000	29
		i1_readEEPROM  		CODE           	1001	0000	17

shared estimated size: 96

C:\Program Files\Microchip\xc8\v2.41\pic\sources\c90\common\Umul8_16.c
		__Umul8_16     		CODE           	0808	0000	41

C:\Program Files\Microchip\xc8\v2.41\pic\sources\c90\common\Umul8_16.c estimated size: 41

C:\Program Files\Microchip\xc8\v2.41\pic\sources\c90\common\doprnt.c
		_sprintf       		CODE           	04C5	0000	503

C:\Program Files\Microchip\xc8\v2.41\pic\sources\c90\common\doprnt.c estimated size: 503

C:\Program Files\Microchip\xc8\v2.41\pic\sources\c90\common\lwmod.c
		___lwmod       		CODE           	10CA	0000	60

C:\Program Files\Microchip\xc8\v2.41\pic\sources\c90\common\lwmod.c estimated size: 60

C:\Program Files\Microchip\xc8\v2.41\pic\sources\c90\common\awmod.c
		___awmod       		CODE           	1276	0000	91

C:\Program Files\Microchip\xc8\v2.41\pic\sources\c90\common\awmod.c estimated size: 91

